src/utils/bloom.c:24:0: information: Include file: "utils/bloom.h" not found. [missingInclude]
#include "utils/bloom.h"
^
src/utils/bloom.c:107:43: style: Parameter 'b' can be declared as pointer to const [constParameterPointer]
uint32_t bloom_items(struct bloom_filter *b)
                                          ^
src/utils/corestrings.c:122:1: style: Label 'error' is not used. [unusedLabel]
error:
^
src/utils/corestrings.c:81:19: style: Variable 'error' is assigned a value that is never used. [unreadVariable]
    nserror error = NSERROR_OK;
                  ^
src/utils/corestrings.c:80:15: style: Unused variable: lerror [unusedVariable]
    lwc_error lerror;
              ^
src/utils/corestrings.c:82:19: style: Unused variable: exc [unusedVariable]
    dom_exception exc;
                  ^
src/utils/file.c:39:0: information: Include file: "utils/dirent.h" not found. [missingInclude]
#include "utils/dirent.h"
^
src/utils/file.c:40:0: information: Include file: "utils/url.h" not found. [missingInclude]
#include "utils/url.h"
^
src/utils/file.c:327:21: portability: Non reentrant function 'readdir' called. For threadsafe applications it is recommended to use the reentrant replacement function 'readdir_r'. [readdirCalled]
    while ((entry = readdir(parent))) {
                    ^
src/utils/filename.c:36:0: information: Include file: "utils/dirent.h" not found. [missingInclude]
#include "utils/dirent.h"
^
src/utils/filename.c:37:0: information: Include file: "utils/errors.h" not found. [missingInclude]
#include "utils/errors.h"
^
src/utils/filename.c:38:0: information: Include file: "utils/file.h" not found. [missingInclude]
#include "utils/file.h"
^
src/utils/filename.c:39:0: information: Include file: "utils/filename.h" not found. [missingInclude]
#include "utils/filename.h"
^
src/utils/filename.c:40:0: information: Include file: "utils/log.h" not found. [missingInclude]
#include "utils/log.h"
^
src/utils/filename.c:41:0: information: Include file: "utils/utils.h" not found. [missingInclude]
#include "utils/utils.h"
^
src/utils/filename.c:279:21: portability: Non reentrant function 'readdir' called. For threadsafe applications it is recommended to use the reentrant replacement function 'readdir_r'. [readdirCalled]
    while ((entry = readdir(parent))) {
                    ^
src/utils/filename.c:392:20: style: Variable 'last_2' can be declared as pointer to const [constVariablePointer]
    char *last_1, *last_2;
                   ^
src/utils/filename.c:98:29: portability: Shifting signed 32-bit value by 31 bits is implementation-defined behaviour. See condition at line 97. [shiftTooManyBitsSigned]
        dir->low_used |= (1 << i);
                            ^
src/utils/filename.c:97:11: note: Assuming that condition 'i<32' is not redundant
    if (i < 32)
          ^
src/utils/filename.c:98:29: note: Shift
        dir->low_used |= (1 << i);
                            ^
src/utils/filename.c:100:30: portability: Shifting signed 32-bit value by 31 bits is implementation-defined behaviour [shiftTooManyBitsSigned]
        dir->high_used |= (1 << (i - 32));
                             ^
src/utils/filename.c:94:13: note: Assignment 'i=63', assigned value is 63
        i = 63;
            ^
src/utils/filename.c:100:30: note: Shift
        dir->high_used |= (1 << (i - 32));
                             ^
src/utils/filename.c:134:32: portability: Shifting signed 32-bit value by 31 bits is implementation-defined behaviour. See condition at line 133. [shiftTooManyBitsSigned]
        if (dir->low_used & (1 << file))
                               ^
src/utils/filename.c:133:14: note: Assuming that condition 'file<32' is not redundant
    if (file < 32) {
             ^
src/utils/filename.c:134:32: note: Shift
        if (dir->low_used & (1 << file))
                               ^
src/utils/filename.c:166:38: portability: Shifting signed 32-bit value by 31 bits is implementation-defined behaviour. See condition at line 165. [shiftTooManyBitsSigned]
                dir->low_used &= ~(1 << file);
                                     ^
src/utils/filename.c:165:22: note: Assuming that condition 'file<32' is not redundant
            if (file < 32)
                     ^
src/utils/filename.c:166:38: note: Shift
                dir->low_used &= ~(1 << file);
                                     ^
src/utils/filename.c:320:52: portability: Shifting signed 32-bit value by 31 bits is implementation-defined behaviour. See condition at line 319. [shiftTooManyBitsSigned]
                        del = !(dir->low_used & (1 << number));
                                                   ^
src/utils/filename.c:319:32: note: Assuming that condition 'number<32' is not redundant
                    if (number < 32)
                               ^
src/utils/filename.c:320:52: note: Shift
                        del = !(dir->low_used & (1 << number));
                                                   ^
src/utils/filepath.c:40:0: information: Include file: "utils/dirent.h" not found. [missingInclude]
#include "utils/dirent.h" /** \todo why is this necessary for atari to get PATH_MAX and is there a better way */
^
src/utils/filepath.c:301:9: style: The scope of the variable 'elen' can be reduced. [variableScope]
    int elen;
        ^
src/utils/filepath.c:188:15: style: Variable 'langc' is assigned a value that is never used. [unreadVariable]
    int langc = 0;
              ^
src/utils/hashmap.c:22:0: information: Include file: "utils/hashmap.h" not found. [missingInclude]
#include "utils/hashmap.h"
^
src/utils/hashmap.c:226:33: style: Parameter 'hashmap' can be declared as pointer to const [constParameterPointer]
bool hashmap_iterate(hashmap_t *hashmap, hashmap_iteration_cb_t cb, void *ctx)
                                ^
src/utils/hashmap.c:240:33: style: Parameter 'hashmap' can be declared as pointer to const [constParameterPointer]
size_t hashmap_count(hashmap_t *hashmap)
                                ^
src/utils/hashtable.c:332:41: style: Parameter 'ht' can be declared as pointer to const [constParameterPointer]
const char *hash_get(struct hash_table *ht, const char *key)
                                        ^
src/utils/http/cache-control.c:23:0: information: Include file: "utils/http.h" not found. [missingInclude]
#include "utils/http.h"
^
src/utils/http/cache-control.c:25:0: information: Include file: "utils/http/generics.h" not found. [missingInclude]
#include "utils/http/generics.h"
^
src/utils/http/cache-control.c:26:0: information: Include file: "utils/http/primitives.h" not found. [missingInclude]
#include "utils/http/primitives.h"
^
src/utils/http/cache-control.c:324:57: style: Parameter 'cc' can be declared as pointer to const [constParameterPointer]
bool http_cache_control_has_max_age(http_cache_control *cc)
                                                        ^
src/utils/http/cache-control.c:330:57: style: Parameter 'cc' can be declared as pointer to const [constParameterPointer]
uint32_t http_cache_control_max_age(http_cache_control *cc)
                                                        ^
src/utils/http/cache-control.c:336:54: style: Parameter 'cc' can be declared as pointer to const [constParameterPointer]
bool http_cache_control_no_cache(http_cache_control *cc)
                                                     ^
src/utils/http/cache-control.c:342:54: style: Parameter 'cc' can be declared as pointer to const [constParameterPointer]
bool http_cache_control_no_store(http_cache_control *cc)
                                                     ^
src/utils/http/challenge.c:21:0: information: Include file: "utils/http.h" not found. [missingInclude]
#include "utils/http.h"
^
src/utils/http/challenge.c:23:0: information: Include file: "utils/http/challenge_internal.h" not found. [missingInclude]
#include "utils/http/challenge_internal.h"
^
src/utils/http/challenge.c:24:0: information: Include file: "utils/http/generics.h" not found. [missingInclude]
#include "utils/http/generics.h"
^
src/utils/http/challenge.c:25:0: information: Include file: "utils/http/parameter_internal.h" not found. [missingInclude]
#include "utils/http/parameter_internal.h"
^
src/utils/http/challenge.c:26:0: information: Include file: "utils/http/primitives.h" not found. [missingInclude]
#include "utils/http/primitives.h"
^
src/utils/http/content-disposition.c:21:0: information: Include file: "utils/http.h" not found. [missingInclude]
#include "utils/http.h"
^
src/utils/http/content-disposition.c:23:0: information: Include file: "utils/http/generics.h" not found. [missingInclude]
#include "utils/http/generics.h"
^
src/utils/http/content-disposition.c:24:0: information: Include file: "utils/http/parameter_internal.h" not found. [missingInclude]
#include "utils/http/parameter_internal.h"
^
src/utils/http/content-disposition.c:25:0: information: Include file: "utils/http/primitives.h" not found. [missingInclude]
#include "utils/http/primitives.h"
^
src/utils/http/content-type.c:23:0: information: Include file: "utils/http.h" not found. [missingInclude]
#include "utils/http.h"
^
src/utils/http/content-type.c:25:0: information: Include file: "utils/http/generics.h" not found. [missingInclude]
#include "utils/http/generics.h"
^
src/utils/http/content-type.c:26:0: information: Include file: "utils/http/parameter_internal.h" not found. [missingInclude]
#include "utils/http/parameter_internal.h"
^
src/utils/http/content-type.c:27:0: information: Include file: "utils/http/primitives.h" not found. [missingInclude]
#include "utils/http/primitives.h"
^
src/utils/http/generics.c:21:0: information: Include file: "utils/http/generics.h" not found. [missingInclude]
#include "utils/http/generics.h"
^
src/utils/http/generics.c:22:0: information: Include file: "utils/http/primitives.h" not found. [missingInclude]
#include "utils/http/primitives.h"
^
src/utils/http/parameter.c:22:0: information: Include file: "utils/http.h" not found. [missingInclude]
#include "utils/http.h"
^
src/utils/http/parameter.c:24:0: information: Include file: "utils/http/generics.h" not found. [missingInclude]
#include "utils/http/generics.h"
^
src/utils/http/parameter.c:25:0: information: Include file: "utils/http/parameter_internal.h" not found. [missingInclude]
#include "utils/http/parameter_internal.h"
^
src/utils/http/parameter.c:26:0: information: Include file: "utils/http/primitives.h" not found. [missingInclude]
#include "utils/http/primitives.h"
^
src/utils/http/primitives.c:23:0: information: Include file: "utils/http/primitives.h" not found. [missingInclude]
#include "utils/http/primitives.h"
^
src/utils/http/strict-transport-security.c:23:0: information: Include file: "utils/http.h" not found. [missingInclude]
#include "utils/http.h"
^
src/utils/http/strict-transport-security.c:25:0: information: Include file: "utils/http/generics.h" not found. [missingInclude]
#include "utils/http/generics.h"
^
src/utils/http/strict-transport-security.c:26:0: information: Include file: "utils/http/primitives.h" not found. [missingInclude]
#include "utils/http/primitives.h"
^
src/utils/http/strict-transport-security.c:321:81: style: Parameter 'sts' can be declared as pointer to const [constParameterPointer]
uint32_t http_strict_transport_security_max_age(http_strict_transport_security *sts)
                                                                                ^
src/utils/http/strict-transport-security.c:327:88: style: Parameter 'sts' can be declared as pointer to const [constParameterPointer]
bool http_strict_transport_security_include_subdomains(http_strict_transport_security *sts)
                                                                                       ^
src/utils/http/www-authenticate.c:21:0: information: Include file: "utils/http/challenge_internal.h" not found. [missingInclude]
#include "utils/http/challenge_internal.h"
^
src/utils/http/www-authenticate.c:22:0: information: Include file: "utils/http/generics.h" not found. [missingInclude]
#include "utils/http/generics.h"
^
src/utils/http/www-authenticate.c:23:0: information: Include file: "utils/http/parameter_internal.h" not found. [missingInclude]
#include "utils/http/parameter_internal.h"
^
src/utils/http/www-authenticate.c:24:0: information: Include file: "utils/http/primitives.h" not found. [missingInclude]
#include "utils/http/primitives.h"
^
src/utils/http/www-authenticate.c:25:0: information: Include file: "utils/http/www-authenticate.h" not found. [missingInclude]
#include "utils/http/www-authenticate.h"
^
src/utils/idna.c:38:0: information: Include file: "utils/idna.h" not found. [missingInclude]
#include "utils/idna.h"
^
src/utils/idna.c:39:0: information: Include file: "utils/idna_props.h" not found. [missingInclude]
#include "utils/idna_props.h"
^
src/utils/idna.c:40:0: information: Include file: "utils/punycode.h" not found. [missingInclude]
#include "utils/punycode.h"
^
src/utils/idna.c:161:0: information: Include file: "wisp/utils/utf8proc_wrapper.h" not found. [missingInclude]
#include "wisp/utils/utf8proc_wrapper.h"
^
src/utils/idna.c:367:14: style: Redundant initialization for 'nfc_size'. The initialized value is overwritten before it is read. [redundantInitialization]
    nfc_size = wisp_utf8proc_reencode(nfc_label, ucs4_len, UTF8PROC_STABLE | UTF8PROC_COMPOSE);
             ^
src/utils/idna.c:359:22: note: nfc_size is initialized
    ssize_t nfc_size = ucs4_len;
                     ^
src/utils/idna.c:367:14: note: nfc_size is overwritten
    nfc_size = wisp_utf8proc_reencode(nfc_label, ucs4_len, UTF8PROC_STABLE | UTF8PROC_COMPOSE);
             ^
src/utils/idna.c:244:9: style: The scope of the variable 'i' can be reduced. [variableScope]
    int i;
        ^
src/utils/idna.c:245:10: style: The scope of the variable 'match' can be reduced. [variableScope]
    bool match;
         ^
src/utils/ipc.c:1:0: information: Include file: "wisp/utils/ipc.h" not found. [missingInclude]
#include "wisp/utils/ipc.h"
^
src/utils/ipc.c:108:51: style: Parameter 'server' can be declared as pointer to const [constParameterPointer]
wisp_ipc_handle* wisp_ipc_accept(wisp_ipc_handle *server) {
                                                  ^
src/utils/ipc.c:164:40: style: Parameter 'handle' can be declared as pointer to const [constParameterPointer]
nserror wisp_ipc_send(wisp_ipc_handle *handle, const wisp_ipc_msg *msg) {
                                       ^
src/utils/ipc.c:176:40: style: Parameter 'handle' can be declared as pointer to const [constParameterPointer]
nserror wisp_ipc_recv(wisp_ipc_handle *handle, wisp_ipc_msg *msg) {
                                       ^
src/utils/ipc.c:86:9: error: Memory leak: h.fd [memleak]
        free(h);
        ^
src/utils/libdom.c:30:0: information: Include file: "utils/libdom.h" not found. [missingInclude]
#include "utils/libdom.h"
^
src/utils/libdom.c:294:9: style: The scope of the variable 'i' can be reduced. [variableScope]
    int i;
        ^
src/utils/log.c:33:0: information: Include file: "utils/utsname.h" not found. [missingInclude]
#include "utils/utsname.h"
^
src/utils/log.c:34:0: information: Include file: "wisp/utils/sys_time.h" not found. [missingInclude]
#include "wisp/utils/sys_time.h"
^
src/utils/log.c:231:69: style: Parameter 'x' can be declared as pointer to const [constParameterPointer]
static int timeval_subtract(struct timeval *result, struct timeval *x, struct timeval *y)
                                                                    ^
src/utils/log.c:78:36: style: Array index 'i' is used before limits check. [arrayIndexThenCheck]
                if (split_log_files[i] && level >= i) {
                                   ^
src/utils/log.c:373:21: style: Variable 'pre_len' is assigned a value that is never used. [unreadVariable]
        int pre_len = snprintf(prefix_buf, sizeof(prefix_buf), "%s %s:%i %s: ", time_buf, file, ln, func);
                    ^
src/utils/nscolour.c:32:0: information: Include file: "wisp/plot_style.h" not found. [missingInclude]
#include "wisp/plot_style.h"
^
src/utils/nscolour.c:35:0: information: Include file: "utils/nscolour.h" not found. [missingInclude]
#include "utils/nscolour.h"
^
src/utils/nscolour.c:36:0: information: Include file: "desktop/system_colour.h" not found. [missingInclude]
#include "desktop/system_colour.h"
^
src/utils/nsoption.c:887:16: style: Condition 'option==NULL' is always false [knownConditionTrueFalse]
    if (option == NULL || option->key == NULL) {
               ^
src/utils/nsoption.c:801:9: style: The scope of the variable 'arglen' can be reduced. [variableScope]
    int arglen;
        ^
src/utils/nsoption.c:706:49: style: Parameter 'defs' can be declared as pointer to const [constParameterPointer]
    struct nsoption_s *opts, struct nsoption_s *defs)
                                                ^
src/utils/nsoption.c:71:0: information: Include file: "amiga/options.h" not found. [missingInclude]
#include "amiga/options.h"
^
src/utils/nsoption.c:75:0: information: Include file: "atari/options.h" not found. [missingInclude]
#include "atari/options.h"
^
src/utils/nsoption.c:69:0: information: Include file: "beos/options.h" not found. [missingInclude]
#include "beos/options.h"
^
src/utils/nsoption.c:73:0: information: Include file: "framebuffer/options.h" not found. [missingInclude]
#include "framebuffer/options.h"
^
src/utils/nsoption.c:67:0: information: Include file: "gtk/options.h" not found. [missingInclude]
#include "gtk/options.h"
^
src/utils/nsoption.c:77:0: information: Include file: "monkey/options.h" not found. [missingInclude]
#include "monkey/options.h"
^
src/utils/nsoption.c:81:0: information: Include file: "qt/options.h" not found. [missingInclude]
#include "qt/options.h"
^
src/utils/nsoption.c:79:0: information: Include file: "windows/options.h" not found. [missingInclude]
#include "windows/options.h"
^
src/utils/nsoption.c:65:0: information: Include file: "riscos/options.h" not found. [missingInclude]
#include "riscos/options.h"
^
src/utils/nsurl/nsurl.c:48:0: information: Include file: "utils/idna.h" not found. [missingInclude]
#include "utils/idna.h"
^
src/utils/nsurl/nsurl.c:49:0: information: Include file: "utils/nsurl/private.h" not found. [missingInclude]
#include "utils/nsurl/private.h"
^
src/utils/nsurl/nsurl.c:751:25: style: Array index 'pos' is used before limits check. [arrayIndexThenCheck]
                if (data[pos] == '/' && pos < len - 1) {
                        ^
src/utils/nsurl/nsurl.c:724:17: style: The scope of the variable 'data' can be reduced. [variableScope]
    const char *data;
                ^
src/utils/nsurl/nsurl.c:725:12: style: The scope of the variable 'len' can be reduced. [variableScope]
    size_t len;
           ^
src/utils/nsurl/parse.c:49:0: information: Include file: "utils/idna.h" not found. [missingInclude]
#include "utils/idna.h"
^
src/utils/nsurl/parse.c:50:0: information: Include file: "utils/nsurl/private.h" not found. [missingInclude]
#include "utils/nsurl/private.h"
^
src/utils/nsurl/parse.c:541:26: style: Condition '*pos=='/'' is always true [knownConditionTrueFalse]
                if (*pos == '/')
                         ^
src/utils/nsurl/parse.c:539:18: note: Assuming that condition '*pos=='/'' is not redundant
        if (*pos == '/') {
                 ^
src/utils/nsurl/parse.c:541:26: note: Condition '*pos=='/'' is always true
                if (*pos == '/')
                         ^
src/utils/nsurl/parse.c:727:30: style: Condition '*path_pos=='.'' is always false [knownConditionTrueFalse]
        } else if (*path_pos == '.') {
                             ^
src/utils/nsurl/parse.c:1435:9: style: Condition 'path_query' is always true [knownConditionTrueFalse]
    if (path_query) {
        ^
src/utils/nsurl/parse.c:1684:32: style: Checking if unsigned expression 'm.scheme_end-m.start' is less than zero. [unsignedLessThanZero]
    if (m.scheme_end - m.start <= 0) {
                               ^
src/utils/nsurl/parse.c:1689:34: style: Checking if unsigned expression 'm.path-m.authority' is less than zero. [unsignedLessThanZero]
        if (m.path - m.authority <= 0) {
                                 ^
src/utils/nsurl/parse.c:1694:34: style: Checking if unsigned expression 'm.query-m.path' is less than zero. [unsignedLessThanZero]
            if (m.query - m.path <= 0) {
                                 ^
src/utils/nsurl/parse.c:1699:42: style: Checking if unsigned expression 'm.fragment-m.query' is less than zero. [unsignedLessThanZero]
                if (m.fragment - m.query <= 0) {
                                         ^
src/utils/nsurl/parse.c:759:62: style: Parameter 'm' can be declared as pointer to const [constParameterPointer]
static size_t nsurl__get_longest_section(struct url_markers *m)
                                                             ^
src/utils/nsurl/parse.c:1235:86: style: Parameter 'l' can be declared as pointer to const [constParameterPointer]
    const struct nsurl_components *url, char *url_s, struct nsurl_component_lengths *l, enum nsurl_string_flags flags)
                                                                                     ^
src/utils/nsurl/parse.c:1577:10: style: Unused variable: match [unusedVariable]
    bool match;
         ^
src/utils/punycode.c:102:27: style: Condition 'input_length_orig>maxint' is always true [knownConditionTrueFalse]
    if (input_length_orig > maxint)
                          ^
src/utils/punycode.c:116:19: style: Condition 'j<input_length' is always false [knownConditionTrueFalse]
    for (j = 0; j < input_length; ++j) {
                  ^
src/utils/punycode.c:102:27: note: Assuming that condition 'input_length_orig>maxint' is not redundant
    if (input_length_orig > maxint)
                          ^
src/utils/punycode.c:104:20: note: Assignment 'input_length=(unsigned int)input_length_orig', assigned value is less than 0
    input_length = (punycode_uint)input_length_orig;
                   ^
src/utils/punycode.c:116:19: note: Condition 'j<input_length' is always false
    for (j = 0; j < input_length; ++j) {
                  ^
src/utils/punycode.c:138:14: style: Condition 'h<input_length' is always false [knownConditionTrueFalse]
    while (h < input_length) {
             ^
src/utils/punycode.c:102:27: note: Assuming that condition 'input_length_orig>maxint' is not redundant
    if (input_length_orig > maxint)
                          ^
src/utils/punycode.c:104:20: note: Assignment 'input_length=(unsigned int)input_length_orig', assigned value is less than 0
    input_length = (punycode_uint)input_length_orig;
                   ^
src/utils/punycode.c:138:14: note: Condition 'h<input_length' is always false
    while (h < input_length) {
             ^
src/utils/punycode.c:161:29: style: Condition '++delta==0' is always false [knownConditionTrueFalse]
                if (++delta == 0)
                            ^
src/utils/punycode.c:210:30: style: Condition '*output_length>maxint' is always true [knownConditionTrueFalse]
    max_out = *output_length > maxint ? maxint : (punycode_uint)*output_length;
                             ^
src/utils/punycode.c:269:27: style: Condition 'i/(out+1)>maxint-n' is always true [knownConditionTrueFalse]
        if (i / (out + 1) > maxint - n)
                          ^
src/utils/ssl_certs.c:33:0: information: Include file: "wisp/ssl_certs.h" not found. [missingInclude]
#include "wisp/ssl_certs.h"
^
src/utils/ssl_certs.c:295:12: style: The scope of the variable 'depth' can be reduced. [variableScope]
    size_t depth;
           ^
src/utils/ssl_certs.c:319:12: style: The scope of the variable 'depth' can be reduced. [variableScope]
    size_t depth;
           ^
src/utils/talloc.c:259:5: error: Memory leak: tc [memleak]
    return TC_PTR_FROM_CHUNK(tc);
    ^
src/utils/talloc.c:406:13: warning: Either the condition 'tc' is redundant or there is possible null pointer dereference: tc. [nullPointerRedundantCheck]
        if (tc->parent->child) {
            ^
src/utils/talloc.c:405:9: note: Assuming that condition 'tc' is not redundant
        _TLIST_REMOVE(tc->parent->child, tc);
        ^
src/utils/talloc.c:406:13: note: Null pointer dereference
        if (tc->parent->child) {
            ^
src/utils/talloc.c:468:17: warning: Either the condition 'tc' is redundant or there is possible null pointer dereference: tc. [nullPointerRedundantCheck]
            if (tc->parent->child) {
                ^
src/utils/talloc.c:467:13: note: Assuming that condition 'tc' is not redundant
            _TLIST_REMOVE(tc->parent->child, tc);
            ^
src/utils/talloc.c:468:17: note: Null pointer dereference
            if (tc->parent->child) {
                ^
src/utils/talloc.c:490:13: warning: Either the condition 'tc' is redundant or there is possible null pointer dereference: tc. [nullPointerRedundantCheck]
        if (tc->parent->child) {
            ^
src/utils/talloc.c:489:9: note: Assuming that condition 'tc' is not redundant
        _TLIST_REMOVE(tc->parent->child, tc);
        ^
src/utils/talloc.c:490:13: note: Null pointer dereference
        if (tc->parent->child) {
            ^
src/utils/talloc.c:867:53: style: inconclusive: Function '_talloc_move' argument 2 names different: declaration 'pptr' definition '_pptr'. [funcArgNamesDifferent]
void *_talloc_move(const void *new_ctx, const void *_pptr)
                                                    ^
src/utils/talloc.h:141:53: note: Function '_talloc_move' argument 2 names different: declaration 'pptr' definition '_pptr'.
void *_talloc_move(const void *new_ctx, const void *pptr);
                                                    ^
src/utils/talloc.c:867:53: note: Function '_talloc_move' argument 2 names different: declaration 'pptr' definition '_pptr'.
void *_talloc_move(const void *new_ctx, const void *_pptr)
                                                    ^
src/utils/talloc.c:1365:36: style: inconclusive: Function 'talloc_get_size' argument 1 names different: declaration 'ctx' definition 'context'. [funcArgNamesDifferent]
size_t talloc_get_size(const void *context)
                                   ^
src/utils/talloc.h:167:36: note: Function 'talloc_get_size' argument 1 names different: declaration 'ctx' definition 'context'.
size_t talloc_get_size(const void *ctx);
                                   ^
src/utils/talloc.c:1365:36: note: Function 'talloc_get_size' argument 1 names different: declaration 'ctx' definition 'context'.
size_t talloc_get_size(const void *context)
                                   ^
src/utils/talloc.c:1380:45: style: inconclusive: Function 'talloc_find_parent_byname' argument 1 names different: declaration 'ctx' definition 'context'. [funcArgNamesDifferent]
void *talloc_find_parent_byname(const void *context, const char *name)
                                            ^
src/utils/talloc.h:168:45: note: Function 'talloc_find_parent_byname' argument 1 names different: declaration 'ctx' definition 'context'.
void *talloc_find_parent_byname(const void *ctx, const char *name);
                                            ^
src/utils/talloc.c:1380:45: note: Function 'talloc_find_parent_byname' argument 1 names different: declaration 'ctx' definition 'context'.
void *talloc_find_parent_byname(const void *context, const char *name)
                                            ^
src/utils/talloc.c:545:26: style: Variable 'tc_p' can be declared as pointer to const [constVariablePointer]
    struct talloc_chunk *tc_p, *new_p;
                         ^
src/utils/talloc.c:546:11: style: Variable 'new_parent' can be declared as pointer to const [constVariablePointer]
    void *new_parent;
          ^
src/utils/talloc.c:719:33: style: Parameter 'ptr' can be declared as pointer to const [constParameterPointer]
void talloc_free_children(void *ptr)
                                ^
src/utils/talloc.c:1241:26: style: Variable 'tc' can be declared as pointer to const [constVariablePointer]
    struct talloc_chunk *tc;
                         ^
src/utils/talloc.c:1367:26: style: Variable 'tc' can be declared as pointer to const [constVariablePointer]
    struct talloc_chunk *tc;
                         ^
src/utils/talloc.c:1198:5: error: va_list 'ap2' used before va_start() was called. [va_list_usedBeforeStarted]
    va_copy(ap2, ap);
    ^
src/utils/talloc.c:1199:33: error: va_list 'ap2' used before va_start() was called. [va_list_usedBeforeStarted]
    len = vsnprintf(&c, 1, fmt, ap2);
                                ^
src/utils/talloc.c:1200:5: error: va_list 'ap2' used before va_start() was called. [va_list_usedBeforeStarted]
    va_end(ap2);
    ^
src/utils/talloc.c:35:0: information: Include file: "version.h" not found. [missingInclude]
#include "version.h"
^
src/utils/talloc.c:37:0: information: Include file: "includes.h" not found. [missingInclude]
#include "includes.h"
^
src/utils/talloc.c:596:27: error: There is an unknown macro here somewhere. Configuration is required. If talloc_set_name_v is a macro then please configure it. [unknownMacro]
static inline const char *talloc_set_name_v(const void *ptr, const char *fmt, va_list ap) PRINTF_ATTRIBUTE(2, 0);
                          ^
src/utils/time.c:38:0: information: Include file: "utils/time.h" not found. [missingInclude]
#include "utils/time.h"
^
src/utils/time.c:160:21: portability: Non reentrant function 'gmtime' called. For threadsafe applications it is recommended to use the reentrant replacement function 'gmtime_r'. [gmtimeCalled]
    struct tm *tm = gmtime(&t);
                    ^
src/utils/time.c:160:16: style: Variable 'tm' can be declared as pointer to const [constVariablePointer]
    struct tm *tm = gmtime(&t);
               ^
src/utils/time.c:187:11: portability: Non reentrant function 'localtime' called. For threadsafe applications it is recommended to use the reentrant replacement function 'localtime_r'. [localtimeCalled]
    ltm = localtime(timep);
          ^
src/utils/time.c:185:16: style: Variable 'ltm' can be declared as pointer to const [constVariablePointer]
    struct tm *ltm;
               ^
src/utils/time.c:177:49: style: Parameter 'timep' can be declared as pointer to const [constParameterPointer]
int nsc_sntimet(char *str, size_t size, time_t *timep)
                                                ^
src/utils/url.c:43:0: information: Include file: "utils/url.h" not found. [missingInclude]
#include "utils/url.h"
^
src/utils/useragent.c:27:0: information: Include file: "utils/useragent.h" not found. [missingInclude]
#include "utils/useragent.h"
^
src/utils/useragent.c:28:0: information: Include file: "utils/utsname.h" not found. [missingInclude]
#include "utils/utsname.h"
^
src/utils/utf8.c:37:0: information: Include file: "wisp/utf8.h" not found. [missingInclude]
#include "wisp/utf8.h"
^
src/utils/utf8.c:38:0: information: Include file: "wisp/utils/utf8proc_wrapper.h" not found. [missingInclude]
#include "wisp/utils/utf8proc_wrapper.h"
^
src/utils/utf8.c:337:12: style: The scope of the variable 'ret' can be reduced. [variableScope]
    size_t ret, esclen;
           ^
src/utils/utf8.c:338:14: style: The scope of the variable 'ucs4' can be reduced. [variableScope]
    uint32_t ucs4;
             ^
src/utils/utf8.c:373:11: style: Variable 'pescape' can be declared as pointer to const [constVariablePointer]
    char *pescape, escape[11];
          ^
src/utils/utf8proc_wrapper.c:11:0: information: Include file: "wisp/utils/utf8proc_wrapper.h" not found. [missingInclude]
#include "wisp/utils/utf8proc_wrapper.h"
^
src/utils/utils.c:39:0: information: Include file: "utils/dirent.h" not found. [missingInclude]
#include "utils/dirent.h"
^
src/utils/utils.c:540:0: information: Include file: "utils/utsname.h" not found. [missingInclude]
#include "utils/utsname.h"
^
src/utils/utils.c:714:0: information: Include file: "utils/regex.h" not found. [missingInclude]
#include "utils/regex.h"
^
src/utils/utils.c:460:19: portability: Non reentrant function 'readdir' called. For threadsafe applications it is recommended to use the reentrant replacement function 'readdir_r'. [readdirCalled]
    while ((ent = readdir(d)) != NULL) {
                  ^
src/utils/utils.c:422:9: style: 'continue' is redundant since it is the last statement in a loop. [redundantContinue]
        continue;
        ^
src/utils/utils.c:45:9: style: The scope of the variable 'i' can be reduced. [variableScope]
    int i = 0, j = 0;
        ^
src/utils/utils.c:45:16: style: The scope of the variable 'j' can be reduced. [variableScope]
    int i = 0, j = 0;
               ^
src/utils/utils.c:606:17: style: The scope of the variable 'xdigits' can be reduced. [variableScope]
    const char *xdigits, *chp;
                ^
src/utils/utils.c:606:27: style: Unused variable: chp [unusedVariable]
    const char *xdigits, *chp;
                          ^
src/utils/websocket_mask.c:11:0: information: Include file: "wisp/utils/websocket_mask.h" not found. [missingInclude]
#include "wisp/utils/websocket_mask.h"
^
src/utils/arena.c:41:0: style: The function 'arena_create' is never used. [unusedFunction]
struct arena *arena_create(size_t chunk_size) {
^
src/utils/arena.c:75:0: style: The function 'arena_register_destructor' is never used. [unusedFunction]
void arena_register_destructor(struct arena *a, void *ptr, void (*fn)(void *)) {
^
src/utils/arena.c:85:0: style: The function 'arena_destroy' is never used. [unusedFunction]
void arena_destroy(struct arena *a) {
^
src/utils/arena.c:103:0: style: The function 'arena_strdup' is never used. [unusedFunction]
char *arena_strdup(struct arena *a, const char *s) {
^
src/utils/arena.c:111:0: style: The function 'arena_strndup' is never used. [unusedFunction]
char *arena_strndup(struct arena *a, const char *s, size_t n) {
^
src/utils/arena.c:123:0: style: The function 'arena_memdup' is never used. [unusedFunction]
void *arena_memdup(struct arena *a, const void *ptr, size_t size) {
^
src/utils/bloom.c:59:0: style: The function 'bloom_create' is never used. [unusedFunction]
struct bloom_filter *bloom_create(size_t size)
^
src/utils/bloom.c:71:0: style: The function 'bloom_destroy' is never used. [unusedFunction]
void bloom_destroy(struct bloom_filter *b)
^
src/utils/bloom.c:76:0: style: The function 'bloom_insert_str' is never used. [unusedFunction]
void bloom_insert_str(struct bloom_filter *b, const char *s, size_t z)
^
src/utils/bloom.c:92:0: style: The function 'bloom_search_str' is never used. [unusedFunction]
bool bloom_search_str(struct bloom_filter *b, const char *s, size_t z)
^
src/utils/bloom.c:107:0: style: The function 'bloom_items' is never used. [unusedFunction]
uint32_t bloom_items(struct bloom_filter *b)
^
src/utils/corestrings.c:78:0: style: The function 'corestrings_init' is never used. [unusedFunction]
nserror corestrings_init(void)
^
src/utils/file.c:292:0: style: The function 'wisp_nsurl_to_path' is never used. [unusedFunction]
nserror wisp_nsurl_to_path(struct nsurl *url, char **path_out)
^
src/utils/file.c:298:0: style: The function 'wisp_path_to_nsurl' is never used. [unusedFunction]
nserror wisp_path_to_nsurl(const char *path, struct nsurl **url)
^
src/utils/file.c:304:0: style: The function 'wisp_mkdir_all' is never used. [unusedFunction]
nserror wisp_mkdir_all(const char *fname)
^
src/utils/filename.c:68:0: style: The function 'filename_request' is never used. [unusedFunction]
const char *filename_request(void)
^
src/utils/filename.c:116:0: style: The function 'filename_claim' is never used. [unusedFunction]
bool filename_claim(const char *filename)
^
src/utils/filename.c:152:0: style: The function 'filename_release' is never used. [unusedFunction]
void filename_release(const char *filename)
^
src/utils/filename.c:178:0: style: The function 'filename_initialise' is never used. [unusedFunction]
bool filename_initialise(void)
^
src/utils/filename.c:217:0: style: The function 'filename_flush' is never used. [unusedFunction]
void filename_flush(void)
^
src/utils/filepath.c:97:0: style: The function 'filepath_findfile' is never used. [unusedFunction]
char *filepath_findfile(const char *format, ...)
^
src/utils/filepath.c:135:0: style: The function 'filepath_find' is never used. [unusedFunction]
char *filepath_find(char **respathv, const char *filename)
^
src/utils/filepath.c:157:0: style: The function 'filepath_sfinddef' is never used. [unusedFunction]
char *filepath_sfinddef(char **respathv, char *filepath, const char *filename, const char *def)
^
src/utils/filepath.c:184:0: style: The function 'filepath_generate' is never used. [unusedFunction]
char **filepath_generate(char *const *pathv, const char *const *langv)
^
src/utils/filepath.c:295:0: style: The function 'filepath_path_to_strvec' is never used. [unusedFunction]
char **filepath_path_to_strvec(const char *path)
^
src/utils/filepath.c:338:0: style: The function 'filepath_free_strvec' is never used. [unusedFunction]
void filepath_free_strvec(char **pathv)
^
src/utils/hashmap.c:66:0: style: The function 'hashmap_create' is never used. [unusedFunction]
hashmap_t *hashmap_create(hashmap_parameters_t *params)
^
src/utils/hashmap.c:89:0: style: The function 'hashmap_destroy' is never used. [unusedFunction]
void hashmap_destroy(hashmap_t *hashmap)
^
src/utils/hashmap.c:109:0: style: The function 'hashmap_lookup' is never used. [unusedFunction]
void *hashmap_lookup(hashmap_t *hashmap, void *key)
^
src/utils/hashmap.c:126:0: style: The function 'hashmap_insert' is never used. [unusedFunction]
void *hashmap_insert(hashmap_t *hashmap, void *key)
^
src/utils/hashmap.c:200:0: style: The function 'hashmap_remove' is never used. [unusedFunction]
bool hashmap_remove(hashmap_t *hashmap, void *key)
^
src/utils/hashmap.c:226:0: style: The function 'hashmap_iterate' is never used. [unusedFunction]
bool hashmap_iterate(hashmap_t *hashmap, hashmap_iteration_cb_t cb, void *ctx)
^
src/utils/hashmap.c:240:0: style: The function 'hashmap_count' is never used. [unusedFunction]
size_t hashmap_count(hashmap_t *hashmap)
^
src/utils/http/cache-control.c:232:0: style: The function 'http_parse_cache_control' is never used. [unusedFunction]
nserror http_parse_cache_control(const char *header_value, http_cache_control **result)
^
src/utils/http/cache-control.c:318:0: style: The function 'http_cache_control_destroy' is never used. [unusedFunction]
void http_cache_control_destroy(http_cache_control *victim)
^
src/utils/http/cache-control.c:324:0: style: The function 'http_cache_control_has_max_age' is never used. [unusedFunction]
bool http_cache_control_has_max_age(http_cache_control *cc)
^
src/utils/http/cache-control.c:330:0: style: The function 'http_cache_control_max_age' is never used. [unusedFunction]
uint32_t http_cache_control_max_age(http_cache_control *cc)
^
src/utils/http/cache-control.c:336:0: style: The function 'http_cache_control_no_cache' is never used. [unusedFunction]
bool http_cache_control_no_cache(http_cache_control *cc)
^
src/utils/http/cache-control.c:342:0: style: The function 'http_cache_control_no_store' is never used. [unusedFunction]
bool http_cache_control_no_store(http_cache_control *cc)
^
src/utils/http/challenge.c:125:0: style: The function 'http_challenge_list_iterate' is never used. [unusedFunction]
http_challenge_list_iterate(const http_challenge *cur, lwc_string **scheme, http_parameter **parameters)
^
src/utils/http/content-disposition.c:28:0: style: The function 'http_parse_content_disposition' is never used. [unusedFunction]
nserror http_parse_content_disposition(const char *header_value, http_content_disposition **result)
^
src/utils/http/content-disposition.c:70:0: style: The function 'http_content_disposition_destroy' is never used. [unusedFunction]
void http_content_disposition_destroy(http_content_disposition *victim)
^
src/utils/http/content-type.c:30:0: style: The function 'http_parse_content_type' is never used. [unusedFunction]
nserror http_parse_content_type(const char *header_value, http_content_type **result)
^
src/utils/http/content-type.c:119:0: style: The function 'http_content_type_destroy' is never used. [unusedFunction]
void http_content_type_destroy(http_content_type *victim)
^
src/utils/http/generics.c:29:0: style: The function 'http___item_list_destroy' is never used. [unusedFunction]
void http___item_list_destroy(http__item *list)
^
src/utils/http/generics.c:55:0: style: The function 'http___item_list_parse' is never used. [unusedFunction]
nserror http___item_list_parse(const char **input, http__itemparser itemparser, http__item *first, http__item **items)
^
src/utils/http/parameter.c:116:0: style: The function 'http_parameter_list_find_item' is never used. [unusedFunction]
nserror http_parameter_list_find_item(const http_parameter *list, lwc_string *name, lwc_string **value)
^
src/utils/http/parameter.c:136:0: style: The function 'http_parameter_list_iterate' is never used. [unusedFunction]
const http_parameter *http_parameter_list_iterate(const http_parameter *cur, lwc_string **name, lwc_string **value)
^
src/utils/http/strict-transport-security.c:230:0: style: The function 'http_parse_strict_transport_security' is never used. [unusedFunction]
nserror http_parse_strict_transport_security(const char *header_value, http_strict_transport_security **result)
^
src/utils/http/strict-transport-security.c:315:0: style: The function 'http_strict_transport_security_destroy' is never used. [unusedFunction]
void http_strict_transport_security_destroy(http_strict_transport_security *victim)
^
src/utils/http/strict-transport-security.c:321:0: style: The function 'http_strict_transport_security_max_age' is never used. [unusedFunction]
uint32_t http_strict_transport_security_max_age(http_strict_transport_security *sts)
^
src/utils/http/strict-transport-security.c:327:0: style: The function 'http_strict_transport_security_include_subdomains' is never used. [unusedFunction]
bool http_strict_transport_security_include_subdomains(http_strict_transport_security *sts)
^
src/utils/http/www-authenticate.c:28:0: style: The function 'http_parse_www_authenticate' is never used. [unusedFunction]
nserror http_parse_www_authenticate(const char *header_value, http_www_authenticate **result)
^
src/utils/http/www-authenticate.c:68:0: style: The function 'http_www_authenticate_destroy' is never used. [unusedFunction]
void http_www_authenticate_destroy(http_www_authenticate *victim)
^
src/utils/ipc.c:25:0: style: The function 'wisp_ipc_create_server' is never used. [unusedFunction]
wisp_ipc_handle* wisp_ipc_create_server(const char *name) {
^
src/utils/ipc.c:76:0: style: The function 'wisp_ipc_connect' is never used. [unusedFunction]
wisp_ipc_handle* wisp_ipc_connect(const char *name) {
^
src/utils/ipc.c:108:0: style: The function 'wisp_ipc_accept' is never used. [unusedFunction]
wisp_ipc_handle* wisp_ipc_accept(wisp_ipc_handle *server) {
^
src/utils/ipc.c:119:0: style: The function 'wisp_ipc_destroy' is never used. [unusedFunction]
void wisp_ipc_destroy(wisp_ipc_handle *handle) {
^
src/utils/ipc.c:164:0: style: The function 'wisp_ipc_send' is never used. [unusedFunction]
nserror wisp_ipc_send(wisp_ipc_handle *handle, const wisp_ipc_msg *msg) {
^
src/utils/ipc.c:176:0: style: The function 'wisp_ipc_recv' is never used. [unusedFunction]
nserror wisp_ipc_recv(wisp_ipc_handle *handle, wisp_ipc_msg *msg) {
^
src/utils/ipc.c:198:0: style: The function 'wisp_ipc_msg_free' is never used. [unusedFunction]
void wisp_ipc_msg_free(wisp_ipc_msg *msg) {
^
src/utils/ipc.c:203:0: style: The function 'wisp_ipc_set_blocking' is never used. [unusedFunction]
void wisp_ipc_set_blocking(wisp_ipc_handle *handle, bool blocking) {
^
src/utils/ipc.c:216:0: style: The function 'wisp_ipc_spawn' is never used. [unusedFunction]
int wisp_ipc_spawn(const char *executable, const char *ipc_name) {
^
src/utils/libdom.c:34:0: style: The function 'libdom_find_first_element' is never used. [unusedFunction]
dom_node *libdom_find_first_element(dom_node *parent, lwc_string *element_name)
^
src/utils/libdom.c:96:0: style: The function 'libdom_iterate_child_elements' is never used. [unusedFunction]
nserror libdom_iterate_child_elements(dom_node *parent, libdom_iterate_cb cb, void *ctx)
^
src/utils/libdom.c:407:0: style: The function 'libdom_parse_file' is never used. [unusedFunction]
nserror libdom_parse_file(const char *filename, const char *encoding, dom_document **doc)
^
src/utils/log.c:363:0: style: The function 'nslog_log' is never used. [unusedFunction]
void nslog_log(enum nslog_level level, const char *file, const char *func, int ln, const char *format, ...)
^
src/utils/log.c:422:0: style: The function 'nslog_init' is never used. [unusedFunction]
nserror nslog_init(nslog_ensure_t *ensure, int *pargc, char **argv)
^
src/utils/log.c:548:0: style: The function 'nslog_finalise' is never used. [unusedFunction]
void nslog_finalise(void)
^
src/utils/messages.c:168:0: style: The function 'messages_add_from_file' is never used. [unusedFunction]
nserror messages_add_from_file(const char *path)
^
src/utils/messages.c:181:0: style: The function 'messages_add_from_inline' is never used. [unusedFunction]
nserror messages_add_from_inline(const uint8_t *data, size_t size)
^
src/utils/messages.c:196:0: style: The function 'messages_add_key_value' is never used. [unusedFunction]
nserror messages_add_key_value(const char *key, const char *value)
^
src/utils/messages.c:215:0: style: The function 'messages_get_buff' is never used. [unusedFunction]
char *messages_get_buff(const char *key, ...)
^
src/utils/messages.c:265:0: style: The function 'messages_get_errorcode' is never used. [unusedFunction]
const char *messages_get_errorcode(nserror code)
^
src/utils/messages.c:421:0: style: The function 'messages_get_sslcode' is never used. [unusedFunction]
const char *messages_get_sslcode(ssl_cert_err code)
^
src/utils/messages.c:478:0: style: The function 'messages_destroy' is never used. [unusedFunction]
void messages_destroy(void)
^
src/utils/nscolour.c:117:0: style: The function 'nscolour_update' is never used. [unusedFunction]
nserror nscolour_update(void)
^
src/utils/nscolour.c:164:0: style: The function 'nscolour_get_stylesheet' is never used. [unusedFunction]
nserror nscolour_get_stylesheet(const char **stylesheet_out)
^
src/utils/nsoption.c:565:0: style: The function 'nsoption_init' is never used. [unusedFunction]
nserror nsoption_init(nsoption_set_default_t *set_defaults, struct nsoption_s **popts, struct nsoption_s **pdefs)
^
src/utils/nsoption.c:618:0: style: The function 'nsoption_finalise' is never used. [unusedFunction]
nserror nsoption_finalise(struct nsoption_s *opts, struct nsoption_s *defs)
^
src/utils/nsoption.c:656:0: style: The function 'nsoption_read' is never used. [unusedFunction]
nserror nsoption_read(const char *path, struct nsoption_s *opts)
^
src/utils/nsoption.c:740:0: style: The function 'nsoption_write' is never used. [unusedFunction]
nserror nsoption_write(const char *path, struct nsoption_s *opts, struct nsoption_s *defs)
^
src/utils/nsoption.c:778:0: style: The function 'nsoption_dump' is never used. [unusedFunction]
nserror nsoption_dump(FILE *outf, struct nsoption_s *opts)
^
src/utils/nsoption.c:797:0: style: The function 'nsoption_commandline' is never used. [unusedFunction]
nserror nsoption_commandline(int *pargc, char **argv, struct nsoption_s *opts)
^
src/utils/nsoption.c:868:0: style: The function 'nsoption_snoptionf' is never used. [unusedFunction]
int nsoption_snoptionf(char *string, size_t size, enum nsoption_e option_idx, const char *fmt)
^
src/utils/nsoption.c:955:0: style: The function 'nsoption_set_tbl_charp' is never used. [unusedFunction]
nserror nsoption_set_tbl_charp(struct nsoption_s *opts, enum nsoption_e option_idx, char *s)
^
src/utils/nsurl/nsurl.c:72:0: style: The function 'nsurl_ref' is never used. [unusedFunction]
nsurl *nsurl_ref(nsurl *url)
^
src/utils/nsurl/nsurl.c:83:0: style: The function 'nsurl_unref' is never used. [unusedFunction]
void nsurl_unref(nsurl *url)
^
src/utils/nsurl/nsurl.c:100:0: style: The function 'nsurl_compare' is never used. [unusedFunction]
bool nsurl_compare(const nsurl *url1, const nsurl *url2, nsurl_component parts)
^
src/utils/nsurl/nsurl.c:219:0: style: The function 'nsurl_get_scheme_type' is never used. [unusedFunction]
enum nsurl_scheme_type nsurl_get_scheme_type(const nsurl *url)
^
src/utils/nsurl/nsurl.c:229:0: style: The function 'nsurl_has_component' is never used. [unusedFunction]
bool nsurl_has_component(const nsurl *url, nsurl_component part)
^
src/utils/nsurl/nsurl.c:303:0: style: The function 'nsurl_access_log' is never used. [unusedFunction]
const char *nsurl_access_log(const nsurl *url)
^
src/utils/nsurl/nsurl.c:317:0: style: The function 'nsurl_get_utf8' is never used. [unusedFunction]
nserror nsurl_get_utf8(const nsurl *url, char **url_s, size_t *url_l)
^
src/utils/nsurl/nsurl.c:391:0: style: The function 'nsurl_access_leaf' is never used. [unusedFunction]
const char *nsurl_access_leaf(const nsurl *url)
^
src/utils/nsurl/nsurl.c:425:0: style: The function 'nsurl_length' is never used. [unusedFunction]
size_t nsurl_length(const nsurl *url)
^
src/utils/nsurl/nsurl.c:434:0: style: The function 'nsurl_hash' is never used. [unusedFunction]
uint32_t nsurl_hash(const nsurl *url)
^
src/utils/nsurl/nsurl.c:443:0: style: The function 'nsurl_defragment' is never used. [unusedFunction]
nserror nsurl_defragment(const nsurl *url, nsurl **no_frag)
^
src/utils/nsurl/nsurl.c:502:0: style: The function 'nsurl_refragment' is never used. [unusedFunction]
nserror nsurl_refragment(const nsurl *url, lwc_string *frag, nsurl **new_url)
^
src/utils/nsurl/nsurl.c:562:0: style: The function 'nsurl_replace_query' is never used. [unusedFunction]
nserror nsurl_replace_query(const nsurl *url, const char *query, nsurl **new_url)
^
src/utils/nsurl/nsurl.c:649:0: style: The function 'nsurl_replace_scheme' is never used. [unusedFunction]
nserror nsurl_replace_scheme(const nsurl *url, lwc_string *scheme, nsurl **new_url)
^
src/utils/nsurl/nsurl.c:722:0: style: The function 'nsurl_nice' is never used. [unusedFunction]
nserror nsurl_nice(const nsurl *url, char **result, bool remove_extensions)
^
src/utils/nsurl/nsurl.c:819:0: style: The function 'nsurl_parent' is never used. [unusedFunction]
nserror nsurl_parent(const nsurl *url, nsurl **new_url)
^
src/utils/nsurl/nsurl.c:908:0: style: The function 'nsurl_dump' is never used. [unusedFunction]
void nsurl_dump(const nsurl *url)
^
src/utils/nsurl/parse.c:1418:0: style: The function 'nsurl_create_from_components_char' is never used. [unusedFunction]
nserror nsurl_create_from_components_char(lwc_string *scheme, lwc_string *host, const char *port, const char *path_query, nsurl **url)
^
src/utils/nsurl/parse.c:1643:0: style: The function 'nsurl_join' is never used. [unusedFunction]
nserror nsurl_join(const nsurl *base, const char *rel, nsurl **joined)
^
src/utils/ssl_certs.c:62:0: style: The function 'cert_chain_dup_into' is never used. [unusedFunction]
nserror cert_chain_dup_into(const struct cert_chain *src, struct cert_chain *dst)
^
src/utils/ssl_certs.c:95:0: style: The function 'cert_chain_dup' is never used. [unusedFunction]
nserror cert_chain_dup(const struct cert_chain *src, struct cert_chain **dst_out)
^
src/utils/ssl_certs.c:154:0: style: The function 'cert_chain_from_query' is never used. [unusedFunction]
nserror cert_chain_from_query(struct nsurl *url, struct cert_chain **chain_out)
^
src/utils/ssl_certs.c:210:0: style: The function 'cert_chain_to_query' is never used. [unusedFunction]
nserror cert_chain_to_query(struct cert_chain *chain, struct nsurl **url_out)
^
src/utils/ssl_certs.c:316:0: style: The function 'cert_chain_size' is never used. [unusedFunction]
size_t cert_chain_size(const struct cert_chain *chain)
^
src/utils/talloc.c:196:0: style: The function 'talloc_parent' is never used. [unusedFunction]
void *talloc_parent(const void *ptr)
^
src/utils/talloc.c:205:0: style: The function 'talloc_parent_name' is never used. [unusedFunction]
const char *talloc_parent_name(const void *ptr)
^
src/utils/talloc.c:277:0: style: The function 'talloc_increase_ref_count' is never used. [unusedFunction]
int talloc_increase_ref_count(const void *ptr)
^
src/utils/talloc.c:543:0: style: The function 'talloc_unlink' is never used. [unusedFunction]
int talloc_unlink(const void *context, void *ptr)
^
src/utils/talloc.c:611:0: style: The function 'talloc_set_name' is never used. [unusedFunction]
const char *talloc_set_name(const void *ptr, const char *fmt, ...)
^
src/utils/talloc.c:627:0: style: The function 'talloc_named' is never used. [unusedFunction]
void *talloc_named(const void *context, size_t size, const char *fmt, ...)
^
src/utils/talloc.c:669:0: style: The function 'talloc_check_name' is never used. [unusedFunction]
void *talloc_check_name(const void *ptr, const char *name)
^
src/utils/talloc.c:685:0: style: The function 'talloc_init' is never used. [unusedFunction]
void *talloc_init(const char *fmt, ...)
^
src/utils/talloc.c:719:0: style: The function 'talloc_free_children' is never used. [unusedFunction]
void talloc_free_children(void *ptr)
^
src/utils/talloc.c:756:0: style: The function '_talloc' is never used. [unusedFunction]
void *_talloc(const void *context, size_t size)
^
src/utils/talloc.c:764:0: style: The function 'talloc_set_name_const' is never used. [unusedFunction]
void talloc_set_name_const(const void *ptr, const char *name)
^
src/utils/talloc.c:774:0: style: The function 'talloc_named_const' is never used. [unusedFunction]
void *talloc_named_const(const void *context, size_t size, const char *name)
^
src/utils/talloc.c:787:0: style: The function 'talloc_free' is never used. [unusedFunction]
int talloc_free(void *ptr)
^
src/utils/talloc.c:867:0: style: The function '_talloc_move' is never used. [unusedFunction]
void *_talloc_move(const void *new_ctx, const void *_pptr)
^
src/utils/talloc.c:1064:0: style: The function 'talloc_disable_null_tracking' is never used. [unusedFunction]
void talloc_disable_null_tracking(void)
^
src/utils/talloc.c:1073:0: style: The function 'talloc_enable_leak_report' is never used. [unusedFunction]
void talloc_enable_leak_report(void)
^
src/utils/talloc.c:1082:0: style: The function 'talloc_enable_leak_report_full' is never used. [unusedFunction]
void talloc_enable_leak_report_full(void)
^
src/utils/talloc.c:1119:0: style: The function 'talloc_strdup' is never used. [unusedFunction]
char *talloc_strdup(const void *t, const char *p)
^
src/utils/talloc.c:1135:0: style: The function 'talloc_append_string' is never used. [unusedFunction]
char *talloc_append_string(const void *t, char *orig, const char *append)
^
src/utils/talloc.c:1161:0: style: The function 'talloc_strndup' is never used. [unusedFunction]
char *talloc_strndup(const void *t, const char *p, size_t n)
^
src/utils/talloc.c:1222:0: style: The function 'talloc_asprintf' is never used. [unusedFunction]
char *talloc_asprintf(const void *t, const char *fmt, ...)
^
src/utils/talloc.c:1285:0: style: The function 'talloc_asprintf_append' is never used. [unusedFunction]
char *talloc_asprintf_append(char *s, const char *fmt, ...)
^
src/utils/talloc.c:1298:0: style: The function '_talloc_array' is never used. [unusedFunction]
void *_talloc_array(const void *ctx, size_t el_size, unsigned count, const char *name)
^
src/utils/talloc.c:1309:0: style: The function '_talloc_zero_array' is never used. [unusedFunction]
void *_talloc_zero_array(const void *ctx, size_t el_size, unsigned count, const char *name)
^
src/utils/talloc.c:1334:0: style: The function 'talloc_realloc_fn' is never used. [unusedFunction]
void *talloc_realloc_fn(const void *context, void *ptr, size_t size)
^
src/utils/talloc.c:1355:0: style: The function 'talloc_autofree_context' is never used. [unusedFunction]
void *talloc_autofree_context(void)
^
src/utils/talloc.c:1365:0: style: The function 'talloc_get_size' is never used. [unusedFunction]
size_t talloc_get_size(const void *context)
^
src/utils/talloc.c:1380:0: style: The function 'talloc_find_parent_byname' is never used. [unusedFunction]
void *talloc_find_parent_byname(const void *context, const char *name)
^
src/utils/talloc.c:1405:0: style: The function 'talloc_show_parents' is never used. [unusedFunction]
void talloc_show_parents(const void *context, FILE *file)
^
src/utils/task_queue.c:21:0: style: The function 'task_queue_init' is never used. [unusedFunction]
bool task_queue_init(void) {
^
src/utils/task_queue.c:34:0: style: The function 'task_queue_destroy' is never used. [unusedFunction]
void task_queue_destroy(void) {
^
src/utils/task_queue.c:52:0: style: The function 'task_queue_post' is never used. [unusedFunction]
bool task_queue_post(void (*fn)(void *), void *arg) {
^
src/utils/task_queue.c:80:0: style: The function 'task_queue_execute_pending' is never used. [unusedFunction]
void task_queue_execute_pending(void) {
^
src/utils/thread_pool.c:59:0: style: The function 'thread_pool_create' is never used. [unusedFunction]
thread_pool_t *thread_pool_create(int num_threads) {
^
src/utils/thread_pool.c:119:0: style: The function 'thread_pool_add_task' is never used. [unusedFunction]
bool thread_pool_add_task(thread_pool_t *pool, thread_pool_task_fn func, void *arg) {
^
src/utils/time.c:156:0: style: The function 'rfc1123_date' is never used. [unusedFunction]
const char *rfc1123_date(time_t t)
^
src/utils/time.c:177:0: style: The function 'nsc_sntimet' is never used. [unusedFunction]
int nsc_sntimet(char *str, size_t size, time_t *timep)
^
src/utils/time.c:198:0: style: The function 'nsc_snptimet' is never used. [unusedFunction]
nserror nsc_snptimet(const char *str, size_t size, time_t *timep)
^
src/utils/time.c:970:0: style: The function 'nsc_strntimet' is never used. [unusedFunction]
nserror nsc_strntimet(const char *str, size_t size, time_t *timep)
^
src/utils/useragent.c:75:0: style: The function 'user_agent_string' is never used. [unusedFunction]
const char *user_agent_string(void)
^
src/utils/useragent.c:83:0: style: The function 'free_user_agent_string' is never used. [unusedFunction]
void free_user_agent_string(void)
^
src/utils/utf8.c:59:0: style: The function 'utf8_from_ucs4' is never used. [unusedFunction]
size_t utf8_from_ucs4(uint32_t c, char *s)
^
src/utils/utf8.c:81:0: style: The function 'utf8_length' is never used. [unusedFunction]
size_t utf8_length(const char *s)
^
src/utils/utf8.c:103:0: style: The function 'utf8_bounded_byte_length' is never used. [unusedFunction]
size_t utf8_bounded_byte_length(const char *s, size_t l, size_t c)
^
src/utils/utf8.c:117:0: style: The function 'utf8_char_byte_length' is never used. [unusedFunction]
size_t utf8_char_byte_length(const char *s)
^
src/utils/utf8.c:132:0: style: The function 'utf8_prev' is never used. [unusedFunction]
size_t utf8_prev(const char *s, size_t o)
^
src/utils/utf8.c:209:0: style: The function 'utf8_finalise' is never used. [unusedFunction]
nserror utf8_finalise(void)
^
src/utils/utf8.c:321:0: style: The function 'utf8_to_enc' is never used. [unusedFunction]
nserror utf8_to_enc(const char *string, const char *encname, size_t len, char **result)
^
src/utils/utf8.c:327:0: style: The function 'utf8_from_enc' is never used. [unusedFunction]
nserror utf8_from_enc(const char *string, const char *encname, size_t len, char **result, size_t *result_len)
^
src/utils/utf8.c:366:0: style: The function 'utf8_to_html' is never used. [unusedFunction]
nserror utf8_to_html(const char *string, const char *encname, size_t len, char **result_out)
^
src/utils/utf8.c:460:0: style: The function 'utf8_save_text' is never used. [unusedFunction]
bool utf8_save_text(const char *utf8_text, const char *path)
^
src/utils/utf8proc_wrapper.c:378:0: style: The function 'wisp_simd_streq' is never used. [unusedFunction]
bool wisp_simd_streq(const char *s1, const char *s2) {
^
src/utils/utf8proc_wrapper.c:382:0: style: The function 'wisp_is_ascii_func_for_test' is never used. [unusedFunction]
void wisp_is_ascii_func_for_test(void) {
^
src/utils/utf8proc_wrapper.c:405:0: style: The function 'wisp_validate_utf8' is never used. [unusedFunction]
bool wisp_validate_utf8(const char *str, size_t len) {
^
src/utils/utf8proc_wrapper.c:530:0: style: The function 'wisp_ascii_tolower' is never used. [unusedFunction]
void wisp_ascii_tolower(const char *src, char *dst, size_t len) {
^
src/utils/utf8proc_wrapper.c:636:0: style: The function 'wisp_ascii_toupper' is never used. [unusedFunction]
void wisp_ascii_toupper(const char *src, char *dst, size_t len) {
^
src/utils/utf8proc_wrapper.c:895:0: style: The function 'wisp_utf8proc_NFD' is never used. [unusedFunction]
utf8proc_uint8_t *wisp_utf8proc_NFD(const utf8proc_uint8_t *str) {
^
src/utils/utf8proc_wrapper.c:903:0: style: The function 'wisp_utf8proc_NFC' is never used. [unusedFunction]
utf8proc_uint8_t *wisp_utf8proc_NFC(const utf8proc_uint8_t *str) {
^
src/utils/utf8proc_wrapper.c:911:0: style: The function 'wisp_utf8proc_NFKD' is never used. [unusedFunction]
utf8proc_uint8_t *wisp_utf8proc_NFKD(const utf8proc_uint8_t *str) {
^
src/utils/utf8proc_wrapper.c:919:0: style: The function 'wisp_utf8proc_NFKC' is never used. [unusedFunction]
utf8proc_uint8_t *wisp_utf8proc_NFKC(const utf8proc_uint8_t *str) {
^
src/utils/utils.c:42:0: style: The function 'squash_whitespace' is never used. [unusedFunction]
char *squash_whitespace(const char *s)
^
src/utils/utils.c:67:0: style: The function 'cnv_space2nbsp' is never used. [unusedFunction]
char *cnv_space2nbsp(const char *s)
^
src/utils/utils.c:94:0: style: The function 'stable_sort' is never used. [unusedFunction]
void stable_sort(void *base, size_t nmemb, size_t size, int (*compar)(const void *, const void *))
^
src/utils/utils.c:162:0: style: The function 'ns_strtouint' is never used. [unusedFunction]
nserror ns_strtouint(const char *s, int base, unsigned int *result)
^
src/utils/utils.c:191:0: style: The function 'nsfmt_float' is never used. [unusedFunction]
int nsfmt_float(char *buf, size_t size, const char *fmt, double val)
^
src/utils/utils.c:274:0: style: The function 'snstrjoin' is never used. [unusedFunction]
nserror snstrjoin(char **str, size_t *size, char sep, size_t nelm, ...)
^
src/utils/utils.c:304:0: style: The function 'human_friendly_bytesize' is never used. [unusedFunction]
char *human_friendly_bytesize(unsigned long long int bsize)
^
src/utils/utils.c:388:0: style: The function 'strcasestr' is never used. [unusedFunction]
char *strcasestr(const char *haystack, const char *needle)
^
src/utils/utils.c:439:0: style: The function 'alphasort' is never used. [unusedFunction]
int alphasort(const struct dirent **d1, const struct dirent **d2)
^
src/utils/utils.c:445:0: style: The function 'scandir' is never used. [unusedFunction]
int scandir(const char *dir, struct dirent ***namelist, int (*sel)(const struct dirent *),
^
src/utils/utils.c:526:0: style: The function 'strchrnul' is never used. [unusedFunction]
__attribute__((used)) char *strchrnul(const char *s, int c_in)
^
src/utils/utils.c:689:0: style: The function 'inet_pton' is never used. [unusedFunction]
int inet_pton(int af, const char *src, void *dst)
^
src/utils/utils.c:716:0: style: The function 'regcomp' is never used. [unusedFunction]
int regcomp(regex_t *restrict preg, const char *restrictregex, int cflags)
^
src/utils/utils.c:721:0: style: The function 'regerror' is never used. [unusedFunction]
size_t regerror(int errorcode, const regex_t *restrict preg, char *restrict errbuf, size_t errbuf_size)
^
src/utils/utils.c:729:0: style: The function 'regexec' is never used. [unusedFunction]
int regexec(
^
src/utils/utils.c:735:0: style: The function 'regfree' is never used. [unusedFunction]
void regfree(regex_t *preg)
^
src/utils/utils.c:742:0: style: The function 'ns_strtoll' is never used. [unusedFunction]
nserror ns_strtoll(const char *s, int base, long long *result)
^
src/utils/utils.c:767:0: style: The function 'ns_strtoull' is never used. [unusedFunction]
nserror ns_strtoull(const char *s, int base, unsigned long long *result)
^
src/utils/websocket_mask.c:176:0: style: The function 'wisp_websocket_mask' is never used. [unusedFunction]
void wisp_websocket_mask(uint8_t *data, size_t len, const uint8_t mask_key[4], size_t key_offset) {
^
nofile:0:0: information: Active checkers: There was critical errors (use --checkers-report=<filename> to see details) [checkersReport]
